
There are no discarded input sections

Memory Configuration

Name             Origin             Length             Attributes
mem              0x00000000         0x04000000         xrw
*default*        0x00000000         0xffffffff

Linker script and memory map

                0x00010000                        . = 0x10000

.startup        0x00010000       0x10
 startup.o(.text)
 .text          0x00010000       0x10 startup.o
                0x00010000                reset

.text           0x00010010       0xe0
 *(.text)
 .text          0x00010010       0x24 app.o
                0x00010010                main
 .text          0x00010034       0x58 uart.o
                0x00010034                uart_send_string
 *(.rodata)
 .rodata        0x0001008c       0x64 app.o
                0x0001008c                string_buffer2

.glue_7         0x000100f0        0x0
 .glue_7        0x000100f0        0x0 linker stubs

.glue_7t        0x000100f0        0x0
 .glue_7t       0x000100f0        0x0 linker stubs

.vfp11_veneer   0x000100f0        0x0
 .vfp11_veneer  0x000100f0        0x0 linker stubs

.v4_bx          0x000100f0        0x0
 .v4_bx         0x000100f0        0x0 linker stubs

.iplt           0x000100f0        0x0
 .iplt          0x000100f0        0x0 startup.o

.rel.dyn        0x000100f0        0x0
 .rel.iplt      0x000100f0        0x0 startup.o

.data           0x000100f0       0x64
 *(.data)
 .data          0x000100f0        0x0 startup.o
 .data          0x000100f0       0x64 app.o
                0x000100f0                string_buffer1
 .data          0x00010154        0x0 uart.o

.igot.plt       0x00010154        0x0
 .igot.plt      0x00010154        0x0 startup.o

.bss            0x00010154        0x0
 *(.bss)
 .bss           0x00010154        0x0 startup.o
 .bss           0x00010154        0x0 app.o
 .bss           0x00010154        0x0 uart.o
 *(COMMON)
                0x00011154                        . = (. + 0x1000)
                0x00011154                        stack_top = .
LOAD startup.o
LOAD app.o
LOAD uart.o
OUTPUT(learn_in_depth.elf elf32-littlearm)
LOAD linker stubs

.ARM.attributes
                0x00000000       0x2e
 .ARM.attributes
                0x00000000       0x22 startup.o
 .ARM.attributes
                0x00000022       0x2c app.o
 .ARM.attributes
                0x0000004e       0x2c uart.o

.comment        0x00000000       0x46
 .comment       0x00000000       0x46 app.o
                                 0x47 (size before relaxing)
 .comment       0x00000046       0x47 uart.o
