
There are no discarded input sections

Memory Configuration

Name             Origin             Length             Attributes
FLASH            0x00000000         0x20000000         xr
SRAM             0x20000000         0x20000000         xrw
*default*        0x00000000         0xffffffff

Linker script and memory map


.text           0x00000000      0x134
 *(.isr_vectors)
 .isr_vectors   0x00000000       0x40 Lab3_Startup_file.o
                0x00000000                vectors
 *(.text)
 .text          0x00000040       0x68 Lab3_Startup_file.o
                0x00000040                DebugMon_Handler
                0x00000040                HardFault_Handler
                0x00000040                SysTick_Handler
                0x00000040                PendSV_Handler
                0x00000040                NMI_Handler
                0x00000040                UsageFault_Handler
                0x00000040                SVC_Handler
                0x00000040                Default_Handler
                0x00000040                MemManage_Handler
                0x00000040                BusFault_Handler
                0x0000004c                Reset_Handler
 .text          0x000000a8       0x8c main.o
                0x000000a8                main
 *(.rodata)
                0x00000134                        . = ALIGN (0x4)
                0x00000134                        _End_text = .

.glue_7         0x00000134        0x0
 .glue_7        0x00000134        0x0 linker stubs

.glue_7t        0x00000134        0x0
 .glue_7t       0x00000134        0x0 linker stubs

.vfp11_veneer   0x00000134        0x0
 .vfp11_veneer  0x00000134        0x0 linker stubs

.v4_bx          0x00000134        0x0
 .v4_bx         0x00000134        0x0 linker stubs

.iplt           0x00000134        0x0
 .iplt          0x00000134        0x0 Lab3_Startup_file.o

.rel.dyn        0x00000134        0x0
 .rel.iplt      0x00000134        0x0 Lab3_Startup_file.o

.data           0x20000000        0x0 load address 0x00000134
                0x20000000                        _Start_data = .
 *(.data)
 .data          0x20000000        0x0 Lab3_Startup_file.o
 .data          0x20000000        0x0 main.o
                0x20000000                        . = ALIGN (0x4)
                0x20000000                        _End_data = .

.igot.plt       0x20000000        0x0 load address 0x00000134
 .igot.plt      0x20000000        0x0 Lab3_Startup_file.o

.bss            0x20000000        0x4 load address 0x00000134
                0x20000000                        _Start_bss = .
 *(.bss)
 .bss           0x20000000        0x0 Lab3_Startup_file.o
 .bss           0x20000000        0x4 main.o
                0x20000000                unInitilized_variable
                0x20000004                        . = ALIGN (0x4)
 *(COMMON)
                0x20000004                        . = ALIGN (0x4)
                0x20000004                        _End_bss = .
LOAD Lab3_Startup_file.o
LOAD main.o
OUTPUT(unit3_lab4_cortexM4.elf elf32-littlearm)
LOAD linker stubs

.debug_info     0x00000000      0x210
 .debug_info    0x00000000      0x153 Lab3_Startup_file.o
 .debug_info    0x00000153       0xbd main.o

.debug_abbrev   0x00000000      0x147
 .debug_abbrev  0x00000000       0xd6 Lab3_Startup_file.o
 .debug_abbrev  0x000000d6       0x71 main.o

.debug_loc      0x00000000       0x9c
 .debug_loc     0x00000000       0x64 Lab3_Startup_file.o
 .debug_loc     0x00000064       0x38 main.o

.debug_aranges  0x00000000       0x40
 .debug_aranges
                0x00000000       0x20 Lab3_Startup_file.o
 .debug_aranges
                0x00000020       0x20 main.o

.debug_line     0x00000000      0x1f9
 .debug_line    0x00000000      0x166 Lab3_Startup_file.o
 .debug_line    0x00000166       0x93 main.o

.debug_str      0x00000000      0x1d4
 .debug_str     0x00000000      0x1d4 Lab3_Startup_file.o
                                0x1dc (size before relaxing)
 .debug_str     0x000001d4      0x18a main.o

.comment        0x00000000       0x46
 .comment       0x00000000       0x46 Lab3_Startup_file.o
                                 0x47 (size before relaxing)
 .comment       0x00000046       0x47 main.o

.ARM.attributes
                0x00000000       0x2e
 .ARM.attributes
                0x00000000       0x2e Lab3_Startup_file.o
 .ARM.attributes
                0x0000002e       0x2e main.o

.debug_frame    0x00000000       0x78
 .debug_frame   0x00000000       0x4c Lab3_Startup_file.o
 .debug_frame   0x0000004c       0x2c main.o
